---
source: tui/src/chatwidget/tests/exec_flow.rs
expression: combined
---
↳ Interacted with background terminal · just fix
  └ pwd

• Waited for background terminal · just fix

────────────────────────────────────────────────────────────────────────────────
• weekly limit remaining:   100%
• tokens: total:            0 (0%)
          cached-input:     0 (0%)
          non-cached-input: 0 (0%)
          normal-output:    0 (0%)
          reasoning-output: 0 (0%)
• files created 0 · deleted 0 · modified 0 · lines +0 / -0
• time wall 0ms · finished 2026-01-01 00:00:00
────────────────────────────────────────────────────────────────────────────────
